[R0.66 finite +    0.12s] r=001/100 bits(M)=5
[R0.66 finite +    0.30s] r=002/100 bits(M)=9
[R0.66 finite +    0.51s] r=003/100 bits(M)=13
[R0.66 finite +    0.78s] r=004/100 bits(M)=17
[R0.66 finite +    1.08s] r=005/100 bits(M)=21
[R0.66 finite +    1.40s] r=006/100 bits(M)=25
[R0.66 finite +    1.76s] r=007/100 bits(M)=29
[R0.66 finite +    2.18s] r=008/100 bits(M)=33
[R0.66 finite +    2.67s] r=009/100 bits(M)=37
[R0.66 finite +    3.23s] r=010/100 bits(M)=41
[R0.66 finite +    3.85s] r=011/100 bits(M)=45
[R0.66 finite +    4.55s] r=012/100 bits(M)=49
[R0.66 finite +    5.33s] r=013/100 bits(M)=53
[R0.66 finite +    6.20s] r=014/100 bits(M)=57
[R0.66 finite +    7.17s] r=015/100 bits(M)=61
[R0.66 finite +    8.24s] r=016/100 bits(M)=65
[R0.66 finite +    9.45s] r=017/100 bits(M)=69
[R0.66 finite +   10.76s] r=018/100 bits(M)=73
[R0.66 finite +   12.21s] r=019/100 bits(M)=77
[R0.66 finite +   13.80s] r=020/100 bits(M)=81
[R0.66 finite +   15.54s] r=021/100 bits(M)=85
[R0.66 finite +   17.42s] r=022/100 bits(M)=89
[R0.66 finite +   19.45s] r=023/100 bits(M)=93
[R0.66 finite +   21.63s] r=024/100 bits(M)=97
[R0.66 finite +   24.03s] r=025/100 bits(M)=101
[R0.66 finite +   26.54s] r=026/100 bits(M)=105
[R0.66 finite +   29.17s] r=027/100 bits(M)=109
[R0.66 finite +   31.91s] r=028/100 bits(M)=113
[R0.66 finite +   34.81s] r=029/100 bits(M)=117
[R0.66 finite +   37.87s] r=030/100 bits(M)=121
[R0.66 finite +   41.14s] r=031/100 bits(M)=125
[R0.66 finite +   44.50s] r=032/100 bits(M)=129
[R0.66 finite +   48.01s] r=033/100 bits(M)=133
[R0.66 finite +   51.68s] r=034/100 bits(M)=137
[R0.66 finite +   55.49s] r=035/100 bits(M)=141
[R0.66 finite +   59.41s] r=036/100 bits(M)=145
[R0.66 finite +   63.50s] r=037/100 bits(M)=149
[R0.66 finite +   67.81s] r=038/100 bits(M)=153
[R0.66 finite +   72.24s] r=039/100 bits(M)=157
[R0.66 finite +   76.85s] r=040/100 bits(M)=161
[R0.66 finite +   81.56s] r=041/100 bits(M)=165
[R0.66 finite +   86.50s] r=042/100 bits(M)=169
[R0.66 finite +   91.56s] r=043/100 bits(M)=173
[R0.66 finite +   96.75s] r=044/100 bits(M)=177
[R0.66 finite +  102.06s] r=045/100 bits(M)=181
[R0.66 finite +  107.59s] r=046/100 bits(M)=185
[R0.66 finite +  113.34s] r=047/100 bits(M)=189
[R0.66 finite +  119.21s] r=048/100 bits(M)=193
[R0.66 finite +  125.17s] r=049/100 bits(M)=197
[R0.66 finite +  131.38s] r=050/100 bits(M)=201
[R0.66 finite +  137.79s] r=051/100 bits(M)=205
[R0.66 finite +  144.42s] r=052/100 bits(M)=209
[R0.66 finite +  151.09s] r=053/100 bits(M)=213
[R0.66 finite +  157.95s] r=054/100 bits(M)=217
[R0.66 finite +  165.03s] r=055/100 bits(M)=221
[R0.66 finite +  172.34s] r=056/100 bits(M)=225
[R0.66 finite +  179.86s] r=057/100 bits(M)=229
[R0.66 finite +  187.55s] r=058/100 bits(M)=233
[R0.66 finite +  195.27s] r=059/100 bits(M)=237
[R0.66 finite +  203.16s] r=060/100 bits(M)=241
[R0.66 finite +  211.33s] r=061/100 bits(M)=245
[R0.66 finite +  219.72s] r=062/100 bits(M)=249
[R0.66 finite +  228.32s] r=063/100 bits(M)=253
[R0.66 finite +  237.16s] r=064/100 bits(M)=257
[R0.66 finite +  246.21s] r=065/100 bits(M)=261
[R0.66 finite +  255.25s] r=066/100 bits(M)=265
[R0.66 finite +  264.42s] r=067/100 bits(M)=269
[R0.66 finite +  273.77s] r=068/100 bits(M)=273
[R0.66 finite +  283.38s] r=069/100 bits(M)=277
[R0.66 finite +  293.17s] r=070/100 bits(M)=281
[R0.66 finite +  303.07s] r=071/100 bits(M)=285
[R0.66 finite +  313.21s] r=072/100 bits(M)=289
[R0.66 finite +  323.58s] r=073/100 bits(M)=293
[R0.66 finite +  334.14s] r=074/100 bits(M)=297
[R0.66 finite +  344.73s] r=075/100 bits(M)=301
[R0.66 finite +  355.31s] r=076/100 bits(M)=305
[R0.66 finite +  366.09s] r=077/100 bits(M)=309
[R0.66 finite +  377.14s] r=078/100 bits(M)=313
[R0.66 finite +  388.39s] r=079/100 bits(M)=317
[R0.66 finite +  399.83s] r=080/100 bits(M)=321
[R0.66 finite +  411.45s] r=081/100 bits(M)=325
[R0.66 finite +  423.13s] r=082/100 bits(M)=329
[R0.66 finite +  435.13s] r=083/100 bits(M)=333
[R0.66 finite +  447.46s] r=084/100 bits(M)=337
[R0.66 finite +  459.98s] r=085/100 bits(M)=341
[R0.66 finite +  472.74s] r=086/100 bits(M)=345
[R0.66 finite +  485.61s] r=087/100 bits(M)=349
[R0.66 finite +  498.29s] r=088/100 bits(M)=353
[R0.66 finite +  511.01s] r=089/100 bits(M)=357
[R0.66 finite +  523.93s] r=090/100 bits(M)=361
[R0.66 finite +  537.17s] r=091/100 bits(M)=365
[R0.66 finite +  550.60s] r=092/100 bits(M)=369
[R0.66 finite +  564.35s] r=093/100 bits(M)=373
[R0.66 finite +  578.31s] r=094/100 bits(M)=377
[R0.66 finite +  592.52s] r=095/100 bits(M)=381
[R0.66 finite +  606.77s] r=096/100 bits(M)=385
[R0.66 finite +  621.14s] r=097/100 bits(M)=389
[R0.66 finite +  635.78s] r=098/100 bits(M)=393
[R0.66 finite +  650.74s] r=099/100 bits(M)=397
[R0.66 finite +  665.95s] r=100/100 bits(M)=401
      669.45 real       649.09 user        19.78 sys
           564232192  maximum resident set size
                   0  average shared memory size
                   0  average unshared data size
                   0  average unshared stack size
               49389  page reclaims
                  14  page faults
                   0  swaps
                   0  block input operations
                   0  block output operations
                   0  messages sent
                   0  messages received
                   0  signals received
                  49  voluntary context switches
               74382  involuntary context switches
      10692582876323  instructions retired
       3004858836411  cycles elapsed
           316425008  peak memory footprint
