{
  "schemaVersion": "1.0",
  "status": "exploratory-passed",
  "classification": "binary64 convergence and architecture pilot for the dominant eighth-order 35-shuffle heat projection; no defect, ninth-derivative, or final sign certificate is claimed",
  "checks": {
    "subsetZeroMatricesMatchDigitTransfers": true,
    "reachableMassMatchesR068B1Interval": true,
    "massEigenResidualIsSmall": true,
    "allMomentLinearResidualsAreSmall": true,
    "heatTaylorOrdersAgree": true
  },
  "parameters": {
    "maximumJetDegree": 8,
    "spatialVariables": 6,
    "channelsPerState": 3003,
    "totalMomentCoordinates": 5381376,
    "heatTaylorOrder": 64,
    "heatTime": "log(2)/2",
    "thetaLimit": "2/15",
    "shuffleCount": 35
  },
  "transfer": {
    "stateDimension": 1792,
    "cycleNonzeros": 690488,
    "subsetCount": 64,
    "subsetNonzerosByBit": {
      "0": [
        114688,
        57344,
        57344,
        28672,
        57344,
        28672,
        28672,
        14336,
        57344,
        28672,
        28672,
        14336,
        28672,
        14336,
        14336,
        7168,
        57344,
        28672,
        28672,
        14336,
        28672,
        14336,
        14336,
        7168,
        28672,
        14336,
        14336,
        7168,
        14336,
        7168,
        7168,
        3584,
        57344,
        28672,
        28672,
        14336,
        28672,
        14336,
        14336,
        7168,
        28672,
        14336,
        14336,
        7168,
        14336,
        7168,
        7168,
        3584,
        28672,
        14336,
        14336,
        7168,
        14336,
        7168,
        7168,
        3584,
        14336,
        7168,
        7168,
        3584,
        7168,
        3584,
        3584,
        1792
      ],
      "1": [
        114688,
        57344,
        57344,
        28672,
        57344,
        28672,
        28672,
        14336,
        57344,
        28672,
        28672,
        14336,
        28672,
        14336,
        14336,
        7168,
        57344,
        28672,
        28672,
        14336,
        28672,
        14336,
        14336,
        7168,
        28672,
        14336,
        14336,
        7168,
        14336,
        7168,
        7168,
        3584,
        57344,
        28672,
        28672,
        14336,
        28672,
        14336,
        14336,
        7168,
        28672,
        14336,
        14336,
        7168,
        14336,
        7168,
        7168,
        3584,
        28672,
        14336,
        14336,
        7168,
        14336,
        7168,
        7168,
        3584,
        14336,
        7168,
        7168,
        3584,
        7168,
        3584,
        3584,
        1792
      ]
    }
  },
  "dominantRoot": 6438.806869529992,
  "massProjection": {
    "iterations": 220,
    "observable": -0.026126793630573877,
    "maximumEigenResidual": 5.4569682106375694e-12
  },
  "momentLift": [
    {
      "degree": 0,
      "cumulativeChannels": 1,
      "homogeneousChannels": 1,
      "neumannTerms": 0,
      "relativeLinearResidual": 0.0,
      "maximumAbsoluteMomentAtDegree": 0.831563398834456
    },
    {
      "degree": 1,
      "cumulativeChannels": 7,
      "homogeneousChannels": 6,
      "neumannTerms": 15,
      "relativeLinearResidual": 4.2067307088355885e-16,
      "maximumAbsoluteMomentAtDegree": 0.4474562403670452
    },
    {
      "degree": 2,
      "cumulativeChannels": 28,
      "homogeneousChannels": 21,
      "neumannTerms": 8,
      "relativeLinearResidual": 2.5715631999684563e-16,
      "maximumAbsoluteMomentAtDegree": 0.27581500185218816
    },
    {
      "degree": 3,
      "cumulativeChannels": 84,
      "homogeneousChannels": 56,
      "neumannTerms": 6,
      "relativeLinearResidual": 1.762602165450524e-16,
      "maximumAbsoluteMomentAtDegree": 0.20035735483716424
    },
    {
      "degree": 4,
      "cumulativeChannels": 210,
      "homogeneousChannels": 126,
      "neumannTerms": 5,
      "relativeLinearResidual": 3.1297826479600493e-16,
      "maximumAbsoluteMomentAtDegree": 0.169243937107097
    },
    {
      "degree": 5,
      "cumulativeChannels": 462,
      "homogeneousChannels": 252,
      "neumannTerms": 4,
      "relativeLinearResidual": 2.3975219214809255e-16,
      "maximumAbsoluteMomentAtDegree": 0.1472896604448107
    },
    {
      "degree": 6,
      "cumulativeChannels": 924,
      "homogeneousChannels": 462,
      "neumannTerms": 4,
      "relativeLinearResidual": 1.3470087016455916e-16,
      "maximumAbsoluteMomentAtDegree": 0.1310793834031072
    },
    {
      "degree": 7,
      "cumulativeChannels": 1716,
      "homogeneousChannels": 792,
      "neumannTerms": 3,
      "relativeLinearResidual": 1.488604468195907e-16,
      "maximumAbsoluteMomentAtDegree": 0.1186111371664778
    },
    {
      "degree": 8,
      "cumulativeChannels": 3003,
      "homogeneousChannels": 1287,
      "neumannTerms": 3,
      "relativeLinearResidual": 1.6248525864582635e-16,
      "maximumAbsoluteMomentAtDegree": 0.10866528457275598
    }
  ],
  "heatJet": {
    "partialByDegree": [
      {
        "degree": 0,
        "value": -1.393231287884124e-08
      },
      {
        "degree": 1,
        "value": -1.554596430411835e-08
      },
      {
        "degree": 2,
        "value": -1.4975644107395318e-08
      },
      {
        "degree": 3,
        "value": -1.4923417404112145e-08
      },
      {
        "degree": 4,
        "value": -1.4923646769558624e-08
      },
      {
        "degree": 5,
        "value": -1.492381291744067e-08
      },
      {
        "degree": 6,
        "value": -1.4923824104330288e-08
      },
      {
        "degree": 7,
        "value": -1.492382436313309e-08
      },
      {
        "degree": 8,
        "value": -1.4923824320396173e-08
      }
    ],
    "heatOrderCrossCheckMaximumDifference": 1.2924697071141057e-26,
    "finalPilotValue": -1.4923824320396173e-08
  },
  "limitations": [
    "The maximum pilot degree may be below the required degree eight.",
    "The affine-shift defect and its resolvent are not bounded here.",
    "The global ninth derivative of the full heat observable is not bounded here.",
    "No claim is made about all Picard orders or 3D Navier-Stokes regularity."
  ],
  "provenance": {
    "sourceCommit": "28b71fd450a1f806ffec6423dbf1e51c5a66dba1"
  },
  "runtime": {
    "elapsedSeconds": 18.967128375021275,
    "python": "3.12.13",
    "numpy": "2.5.2",
    "scipy": "1.18.0"
  }
}
