monitor: started pid=49211, interval=0.1s, output=tmp/r068b2d-formal/resources.csv
[R0.68B-2d exact derivative +    0.00s] time enclosed terms=120 width=4.818513637046374450105764779644351260425e-118
[R0.68B-2d exact derivative +    3.88s] exact derivative majorants shuffle=1/35 multiindices=4368 maximum=3.01171964111952700692685323503089469511e-07
[R0.68B-2d exact derivative +    8.04s] exact derivative majorants shuffle=2/35 multiindices=4368 maximum=1.769694695843312868577922948815977526386e-07
[R0.68B-2d exact derivative +   12.22s] exact derivative majorants shuffle=3/35 multiindices=4368 maximum=1.084414153354940517704621717434084074149e-07
[R0.68B-2d exact derivative +   16.07s] exact derivative majorants shuffle=4/35 multiindices=4368 maximum=4.847777553596216476864184373329567762003e-08
[R0.68B-2d exact derivative +   20.26s] exact derivative majorants shuffle=5/35 multiindices=4368 maximum=1.186751033277818730956015905629100008643e-07
[R0.68B-2d exact derivative +   24.47s] exact derivative majorants shuffle=6/35 multiindices=4368 maximum=6.982227283590841228764222082003648052532e-08
[R0.68B-2d exact derivative +   28.32s] exact derivative majorants shuffle=7/35 multiindices=4368 maximum=4.847777553596216476864184373329567762003e-08
[R0.68B-2d exact derivative +   32.57s] exact derivative majorants shuffle=8/35 multiindices=4368 maximum=6.832256052738101727533626412382619694805e-08
[R0.68B-2d exact derivative +   36.44s] exact derivative majorants shuffle=9/35 multiindices=4368 maximum=4.847777553596216476864184373329567762003e-08
[R0.68B-2d exact derivative +   40.04s] exact derivative majorants shuffle=10/35 multiindices=4368 maximum=5.441624547794463755284622330338140812942e-08
[R0.68B-2d exact derivative +   44.28s] exact derivative majorants shuffle=11/35 multiindices=4368 maximum=1.186751033277818730956015905629100008643e-07
[R0.68B-2d exact derivative +   48.51s] exact derivative majorants shuffle=12/35 multiindices=4368 maximum=6.982227283590841228764222082003648052532e-08
[R0.68B-2d exact derivative +   52.43s] exact derivative majorants shuffle=13/35 multiindices=4368 maximum=4.847777553596216476864184373329567762003e-08
[R0.68B-2d exact derivative +   56.69s] exact derivative majorants shuffle=14/35 multiindices=4368 maximum=6.832256052738101727533626412382619694805e-08
[R0.68B-2d exact derivative +   60.60s] exact derivative majorants shuffle=15/35 multiindices=4368 maximum=4.847777553596216476864184373329567762003e-08
[R0.68B-2d exact derivative +   64.23s] exact derivative majorants shuffle=16/35 multiindices=4368 maximum=5.441624547794463755284622330338140812942e-08
[R0.68B-2d exact derivative +   68.49s] exact derivative majorants shuffle=17/35 multiindices=4368 maximum=6.832256052738101727533626412382619694805e-08
[R0.68B-2d exact derivative +   72.41s] exact derivative majorants shuffle=18/35 multiindices=4368 maximum=4.847777553596216476864184373329567762003e-08
[R0.68B-2d exact derivative +   76.05s] exact derivative majorants shuffle=19/35 multiindices=4368 maximum=5.441624547794463755284622330338140812942e-08
[R0.68B-2d exact derivative +   79.45s] exact derivative majorants shuffle=20/35 multiindices=4368 maximum=8.482608842363846465629232067007813378664e-08
[R0.68B-2d exact derivative +   83.72s] exact derivative majorants shuffle=21/35 multiindices=4368 maximum=1.186751033277818730956015905629100008643e-07
[R0.68B-2d exact derivative +   88.00s] exact derivative majorants shuffle=22/35 multiindices=4368 maximum=6.982227283590841228764222082003648052532e-08
[R0.68B-2d exact derivative +   91.95s] exact derivative majorants shuffle=23/35 multiindices=4368 maximum=4.847777553596216476864184373329567762003e-08
[R0.68B-2d exact derivative +   96.27s] exact derivative majorants shuffle=24/35 multiindices=4368 maximum=6.832256052738101727533626412382619694805e-08
[R0.68B-2d exact derivative +  100.21s] exact derivative majorants shuffle=25/35 multiindices=4368 maximum=4.847777553596216476864184373329567762003e-08
[R0.68B-2d exact derivative +  103.85s] exact derivative majorants shuffle=26/35 multiindices=4368 maximum=5.441624547794463755284622330338140812942e-08
[R0.68B-2d exact derivative +  108.13s] exact derivative majorants shuffle=27/35 multiindices=4368 maximum=6.832256052738101727533626412382619694805e-08
[R0.68B-2d exact derivative +  112.09s] exact derivative majorants shuffle=28/35 multiindices=4368 maximum=4.847777553596216476864184373329567762003e-08
[R0.68B-2d exact derivative +  115.75s] exact derivative majorants shuffle=29/35 multiindices=4368 maximum=5.441624547794463755284622330338140812942e-08
[R0.68B-2d exact derivative +  119.16s] exact derivative majorants shuffle=30/35 multiindices=4368 maximum=8.482608842363846465629232067007813378664e-08
[R0.68B-2d exact derivative +  123.46s] exact derivative majorants shuffle=31/35 multiindices=4368 maximum=6.832256052738101727533626412382619694805e-08
[R0.68B-2d exact derivative +  127.39s] exact derivative majorants shuffle=32/35 multiindices=4368 maximum=4.847777553596216476864184373329567762003e-08
[R0.68B-2d exact derivative +  131.04s] exact derivative majorants shuffle=33/35 multiindices=4368 maximum=5.441624547794463755284622330338140812942e-08
[R0.68B-2d exact derivative +  134.45s] exact derivative majorants shuffle=34/35 multiindices=4368 maximum=8.482608842363846465629232067007813378664e-08
[R0.68B-2d exact derivative +  137.69s] exact derivative majorants shuffle=35/35 multiindices=4368 maximum=1.822447369770408579839350872380803221265e-07
[R0.68B-2d exact derivative +  137.85s] complete maximum=2.566326636735080655209837298880261917219e-06 multiindex=[0, 0, 0, 11, 0, 0]
monitor: finished returncode=0, elapsed=138.1s
