[R0.68B-2g heat] loading exact-rate bundle
[R0.68B-2g heat +1.36s] shuffle=1/35
[R0.68B-2g heat +2.65s] shuffle=2/35
[R0.68B-2g heat +3.97s] shuffle=3/35
[R0.68B-2g heat +5.05s] shuffle=4/35
[R0.68B-2g heat +6.38s] shuffle=5/35
[R0.68B-2g heat +7.60s] shuffle=6/35
[R0.68B-2g heat +8.80s] shuffle=7/35
[R0.68B-2g heat +10.30s] shuffle=8/35
[R0.68B-2g heat +11.55s] shuffle=9/35
[R0.68B-2g heat +12.51s] shuffle=10/35
[R0.68B-2g heat +13.72s] shuffle=11/35
[R0.68B-2g heat +14.91s] shuffle=12/35
[R0.68B-2g heat +16.02s] shuffle=13/35
[R0.68B-2g heat +17.43s] shuffle=14/35
[R0.68B-2g heat +18.58s] shuffle=15/35
[R0.68B-2g heat +19.75s] shuffle=16/35
[R0.68B-2g heat +21.17s] shuffle=17/35
[R0.68B-2g heat +22.40s] shuffle=18/35
[R0.68B-2g heat +23.38s] shuffle=19/35
[R0.68B-2g heat +24.23s] shuffle=20/35
[R0.68B-2g heat +25.52s] shuffle=21/35
[R0.68B-2g heat +26.80s] shuffle=22/35
[R0.68B-2g heat +28.05s] shuffle=23/35
[R0.68B-2g heat +29.31s] shuffle=24/35
[R0.68B-2g heat +30.39s] shuffle=25/35
[R0.68B-2g heat +31.54s] shuffle=26/35
[R0.68B-2g heat +32.89s] shuffle=27/35
[R0.68B-2g heat +34.05s] shuffle=28/35
[R0.68B-2g heat +35.15s] shuffle=29/35
[R0.68B-2g heat +36.12s] shuffle=30/35
[R0.68B-2g heat +37.30s] shuffle=31/35
[R0.68B-2g heat +38.49s] shuffle=32/35
[R0.68B-2g heat +39.55s] shuffle=33/35
[R0.68B-2g heat +40.41s] shuffle=34/35
[R0.68B-2g heat +41.38s] shuffle=35/35
[R0.68B-2g heat +41.38s] pairing certified moments
[R0.68B-2g heat +41.64s] complete interval=[-1.49e-08,-1.49e-08]
	Command being timed: "./heat-engine-formal heat-data-formal-014a9e6 output-formal heat-output-formal-014a9e6 014a9e604c65b405ebc7684cf3913c74ef19a55e 7fe9ffa660701c3f2314c32cbad803b3973ce33a0e26f475802260c583cf91f0 0e1dd04f4811ca91d966ab4a48a156645e9f5a08f732c1612046a24f108fe29b 437a8f18234fb8c07ea23661a77e3413eee4dbb674e4dcefd83a17d386a268bf"
	User time (seconds): 499.73
	System time (seconds): 5.52
	Percent of CPU this job got: 1211%
	Elapsed (wall clock) time (h:mm:ss or m:ss): 0:41.70
	Average shared text size (kbytes): 0
	Average unshared data size (kbytes): 0
	Average stack size (kbytes): 0
	Average total size (kbytes): 0
	Maximum resident set size (kbytes): 469596
	Average resident set size (kbytes): 0
	Major (requiring I/O) page faults: 0
	Minor (reclaiming a frame) page faults: 116794
	Voluntary context switches: 928514
	Involuntary context switches: 155227
	Swaps: 0
	File system inputs: 0
	File system outputs: 520
	Socket messages sent: 0
	Socket messages received: 0
	Signals delivered: 0
	Page size (bytes): 4096
	Exit status: 0
