monitor: started pid=16510, interval=0.1s, output=research/certificates/r067b/resources.csv
[R0.67B affine lift +    0.00s] constructing exact four-coordinate lift
[R0.67B affine lift +    0.70s] running independent direct convolution audit
[R0.67B affine lift +    2.00s] complete checks=13
real 2.04
user 1.99
sys 0.04
            54067200  maximum resident set size
                   0  average shared memory size
                   0  average unshared data size
                   0  average unshared stack size
                3680  page reclaims
                   0  page faults
                   0  swaps
                   0  block input operations
                   0  block output operations
                   0  messages sent
                   0  messages received
                   0  signals received
                   0  voluntary context switches
                 251  involuntary context switches
         44941605137  instructions retired
          9191936151  cycles elapsed
            40976816  peak memory footprint
monitor: finished returncode=0, elapsed=2.1s
