[R0.67 sixth +    0.00s] building signed digit transfers
[R0.67 sixth +    0.20s] restricting exact image
[R0.67 sixth +    0.31s] checking direct five-carrier convolutions
[R0.67 sixth +    0.54s] isolating reachable scalar
real 0.72
user 0.69
sys 0.02
            45760512  maximum resident set size
                   0  average shared memory size
                   0  average unshared data size
                   0  average unshared stack size
                5447  page reclaims
                  17  page faults
                   0  swaps
                   0  block input operations
                   0  block output operations
                   0  messages sent
                   0  messages received
                   0  signals received
                  10  voluntary context switches
                  94  involuntary context switches
         14713491564  instructions retired
          3223469791  cycles elapsed
            32096688  peak memory footprint
