monitor: started pid=47572, interval=0.1s, output=tmp/r068b2c2-formal/resources.csv
[R0.68B-2c defect pilot +    0.00s] constructing exact carry data
[R0.68B-2c defect pilot +    0.28s] lifting dominant moments
[R0.68B-2b heat jet pilot +    0.28s] moment lift degree=0 channels=1 terms=0 residual=0.000e+00
[R0.68B-2b heat jet pilot +    0.31s] moment lift degree=1 channels=7 terms=15 residual=4.207e-16
[R0.68B-2b heat jet pilot +    0.34s] moment lift degree=2 channels=28 terms=8 residual=2.572e-16
[R0.68B-2b heat jet pilot +    0.42s] moment lift degree=3 channels=84 terms=6 residual=1.763e-16
[R0.68B-2b heat jet pilot +    0.56s] moment lift degree=4 channels=210 terms=5 residual=3.130e-16
[R0.68B-2b heat jet pilot +    0.85s] moment lift degree=5 channels=462 terms=4 residual=2.398e-16
[R0.68B-2b heat jet pilot +    1.48s] moment lift degree=6 channels=924 terms=4 residual=1.347e-16
[R0.68B-2b heat jet pilot +    2.71s] moment lift degree=7 channels=1716 terms=3 residual=1.489e-16
[R0.68B-2b heat jet pilot +    5.26s] moment lift degree=8 channels=3003 terms=3 residual=1.625e-16
[R0.68B-2b heat jet pilot +   10.18s] moment lift degree=9 channels=5005 terms=3 residual=1.757e-16
[R0.68B-2b heat jet pilot +   19.70s] moment lift degree=10 channels=8008 terms=3 residual=1.888e-16
[R0.68B-2c defect pilot +   20.55s] evaluating heat jet and next derivative
[R0.68B-2c defect pilot +   51.46s] aggregating shift signatures
[R0.68B-2c defect pilot +   54.09s] signature compression groups=8/64 classes=5605 partial=3.82764746606
[R0.68B-2c defect pilot +   56.72s] signature compression groups=16/64 classes=10863 partial=6.69659238895
[R0.68B-2c defect pilot +   59.33s] signature compression groups=24/64 classes=16534 partial=10.9075679544
[R0.68B-2c defect pilot +   61.96s] signature compression groups=32/64 classes=22163 partial=14.0875212566
[R0.68B-2c defect pilot +   64.58s] signature compression groups=40/64 classes=27834 partial=18.298496822
[R0.68B-2c defect pilot +   67.23s] signature compression groups=48/64 classes=33463 partial=21.4784501242
[R0.68B-2c defect pilot +   69.85s] signature compression groups=56/64 classes=38874 partial=25.953263292
[R0.68B-2c defect pilot +   72.46s] signature compression groups=64/64 classes=44514 partial=30.2344865054
[R0.68B-2c defect pilot +   72.46s] bounding all next derivatives
[R0.68B-2c defect pilot +   74.37s] all derivative majorants shuffle=1/35 multiindices=4368 maximum=3.011719641120e-07
[R0.68B-2c defect pilot +   76.31s] all derivative majorants shuffle=2/35 multiindices=4368 maximum=1.769694695843e-07
[R0.68B-2c defect pilot +   78.23s] all derivative majorants shuffle=3/35 multiindices=4368 maximum=1.084414153355e-07
[R0.68B-2c defect pilot +   79.92s] all derivative majorants shuffle=4/35 multiindices=4368 maximum=4.847777553596e-08
[R0.68B-2c defect pilot +   81.84s] all derivative majorants shuffle=5/35 multiindices=4368 maximum=1.186751033278e-07
[R0.68B-2c defect pilot +   83.77s] all derivative majorants shuffle=6/35 multiindices=4368 maximum=6.982227283591e-08
[R0.68B-2c defect pilot +   85.45s] all derivative majorants shuffle=7/35 multiindices=4368 maximum=4.847777553596e-08
[R0.68B-2c defect pilot +   87.38s] all derivative majorants shuffle=8/35 multiindices=4368 maximum=6.832256052738e-08
[R0.68B-2c defect pilot +   89.08s] all derivative majorants shuffle=9/35 multiindices=4368 maximum=4.847777553596e-08
[R0.68B-2c defect pilot +   90.56s] all derivative majorants shuffle=10/35 multiindices=4368 maximum=5.441624547794e-08
[R0.68B-2c defect pilot +   92.47s] all derivative majorants shuffle=11/35 multiindices=4368 maximum=1.186751033278e-07
[R0.68B-2c defect pilot +   94.41s] all derivative majorants shuffle=12/35 multiindices=4368 maximum=6.982227283591e-08
[R0.68B-2c defect pilot +   96.09s] all derivative majorants shuffle=13/35 multiindices=4368 maximum=4.847777553596e-08
[R0.68B-2c defect pilot +   98.02s] all derivative majorants shuffle=14/35 multiindices=4368 maximum=6.832256052738e-08
[R0.68B-2c defect pilot +   99.73s] all derivative majorants shuffle=15/35 multiindices=4368 maximum=4.847777553596e-08
[R0.68B-2c defect pilot +  101.19s] all derivative majorants shuffle=16/35 multiindices=4368 maximum=5.441624547794e-08
[R0.68B-2c defect pilot +  103.11s] all derivative majorants shuffle=17/35 multiindices=4368 maximum=6.832256052738e-08
[R0.68B-2c defect pilot +  104.81s] all derivative majorants shuffle=18/35 multiindices=4368 maximum=4.847777553596e-08
[R0.68B-2c defect pilot +  106.28s] all derivative majorants shuffle=19/35 multiindices=4368 maximum=5.441624547794e-08
[R0.68B-2c defect pilot +  107.59s] all derivative majorants shuffle=20/35 multiindices=4368 maximum=8.482608842364e-08
[R0.68B-2c defect pilot +  109.51s] all derivative majorants shuffle=21/35 multiindices=4368 maximum=1.186751033278e-07
[R0.68B-2c defect pilot +  111.44s] all derivative majorants shuffle=22/35 multiindices=4368 maximum=6.982227283591e-08
[R0.68B-2c defect pilot +  113.17s] all derivative majorants shuffle=23/35 multiindices=4368 maximum=4.847777553596e-08
[R0.68B-2c defect pilot +  115.17s] all derivative majorants shuffle=24/35 multiindices=4368 maximum=6.832256052738e-08
[R0.68B-2c defect pilot +  116.91s] all derivative majorants shuffle=25/35 multiindices=4368 maximum=4.847777553596e-08
[R0.68B-2c defect pilot +  118.40s] all derivative majorants shuffle=26/35 multiindices=4368 maximum=5.441624547794e-08
[R0.68B-2c defect pilot +  120.33s] all derivative majorants shuffle=27/35 multiindices=4368 maximum=6.832256052738e-08
[R0.68B-2c defect pilot +  122.03s] all derivative majorants shuffle=28/35 multiindices=4368 maximum=4.847777553596e-08
[R0.68B-2c defect pilot +  123.53s] all derivative majorants shuffle=29/35 multiindices=4368 maximum=5.441624547794e-08
[R0.68B-2c defect pilot +  124.84s] all derivative majorants shuffle=30/35 multiindices=4368 maximum=8.482608842364e-08
[R0.68B-2c defect pilot +  126.81s] all derivative majorants shuffle=31/35 multiindices=4368 maximum=6.832256052738e-08
[R0.68B-2c defect pilot +  128.51s] all derivative majorants shuffle=32/35 multiindices=4368 maximum=4.847777553596e-08
[R0.68B-2c defect pilot +  130.00s] all derivative majorants shuffle=33/35 multiindices=4368 maximum=5.441624547794e-08
[R0.68B-2c defect pilot +  131.31s] all derivative majorants shuffle=34/35 multiindices=4368 maximum=8.482608842364e-08
[R0.68B-2c defect pilot +  132.51s] all derivative majorants shuffle=35/35 multiindices=4368 maximum=1.822447369770e-07
[R0.68B-2c defect pilot +  132.54s] complete defect=30.2344865054 required=3.178212411462e-06
monitor: finished returncode=0, elapsed=132.8s
