[R0.67C one-cycle +    0.00s] starting order=32
[R0.67C one-cycle +    1.02s] enumeration carrierA=4/16 validTuples=10851
[R0.67C one-cycle +    1.98s] enumeration carrierA=8/16 validTuples=21036
[R0.67C one-cycle +    2.74s] enumeration carrierA=12/16 validTuples=29185
[R0.67C one-cycle +    3.26s] enumeration carrierA=16/16 validTuples=34690
[R0.67C one-cycle +    3.30s] complete checks=8
        3.35 real         3.24 user         0.09 sys
            33177600  maximum resident set size
                   0  average shared memory size
                   0  average unshared data size
                   0  average unshared stack size
                2386  page reclaims
                   0  page faults
                   0  swaps
                   0  block input operations
                   0  block output operations
                   0  messages sent
                   0  messages received
                   0  signals received
                   0  voluntary context switches
                 345  involuntary context switches
         85053040928  instructions retired
         15188431876  cycles elapsed
            20054448  peak memory footprint
