[2026-08-26T23:29:57.966033+00:00] audit/started R0.72E independent finite audit started | elapsed=0.00s cpu=0.00s rss=71.0MiB
[2026-08-26T23:29:57.966136+00:00] root-scan/started R=8 real-lattice RK4 sign scan | elapsed=0.00s cpu=0.00s rss=71.0MiB
[2026-08-26T23:29:57.980231+00:00] root-scan/progress R=8 reached 25% | elapsed=0.02s cpu=0.01s rss=71.1MiB
[2026-08-26T23:29:57.993963+00:00] root-scan/progress R=8 reached 50% | elapsed=0.03s cpu=0.03s rss=71.1MiB
[2026-08-26T23:29:58.007780+00:00] root-scan/progress R=8 reached 75% | elapsed=0.04s cpu=0.04s rss=71.1MiB
[2026-08-26T23:29:58.021807+00:00] root-scan/progress R=8 reached 100% | elapsed=0.06s cpu=0.06s rss=71.1MiB
[2026-08-26T23:29:58.021909+00:00] root-scan/completed R=8: 8 roots, mass=1.9348344588 | elapsed=0.06s cpu=0.06s rss=71.2MiB
[2026-08-26T23:29:58.021973+00:00] root-scan/started R=16 real-lattice RK4 sign scan | elapsed=0.06s cpu=0.06s rss=71.2MiB
[2026-08-26T23:29:58.053350+00:00] root-scan/progress R=16 reached 25% | elapsed=0.09s cpu=0.09s rss=71.2MiB
[2026-08-26T23:29:58.080284+00:00] root-scan/progress R=16 reached 50% | elapsed=0.12s cpu=0.11s rss=71.2MiB
[2026-08-26T23:29:58.107339+00:00] root-scan/progress R=16 reached 75% | elapsed=0.14s cpu=0.14s rss=71.2MiB
[2026-08-26T23:29:58.134080+00:00] root-scan/progress R=16 reached 100% | elapsed=0.17s cpu=0.17s rss=71.2MiB
[2026-08-26T23:29:58.134190+00:00] root-scan/completed R=16: 16 roots, mass=2.4683564966 | elapsed=0.17s cpu=0.17s rss=71.2MiB
[2026-08-26T23:29:58.134233+00:00] root-scan/started R=32 real-lattice RK4 sign scan | elapsed=0.17s cpu=0.17s rss=71.2MiB
[2026-08-26T23:29:58.189829+00:00] root-scan/progress R=32 reached 25% | elapsed=0.23s cpu=0.22s rss=71.2MiB
[2026-08-26T23:29:58.244683+00:00] root-scan/progress R=32 reached 50% | elapsed=0.28s cpu=0.28s rss=71.2MiB
[2026-08-26T23:29:58.300174+00:00] root-scan/progress R=32 reached 75% | elapsed=0.34s cpu=0.33s rss=71.2MiB
[2026-08-26T23:29:58.355487+00:00] root-scan/progress R=32 reached 100% | elapsed=0.39s cpu=0.39s rss=71.2MiB
[2026-08-26T23:29:58.355576+00:00] root-scan/completed R=32: 32 roots, mass=3.0126979357 | elapsed=0.39s cpu=0.39s rss=71.2MiB
[2026-08-26T23:29:58.355616+00:00] root-scan/started R=64 real-lattice RK4 sign scan | elapsed=0.39s cpu=0.39s rss=71.2MiB
[2026-08-26T23:29:58.487850+00:00] root-scan/progress R=64 reached 25% | elapsed=0.52s cpu=0.52s rss=71.3MiB
[2026-08-26T23:29:58.615624+00:00] root-scan/progress R=64 reached 50% | elapsed=0.65s cpu=0.65s rss=71.3MiB
[2026-08-26T23:29:58.744187+00:00] root-scan/progress R=64 reached 75% | elapsed=0.78s cpu=0.78s rss=71.3MiB
[2026-08-26T23:29:58.876543+00:00] root-scan/progress R=64 reached 100% | elapsed=0.91s cpu=0.91s rss=71.4MiB
[2026-08-26T23:29:58.876708+00:00] root-scan/completed R=64: 64 roots, mass=3.5653010867 | elapsed=0.91s cpu=0.91s rss=71.4MiB
[2026-08-26T23:29:58.876794+00:00] action-bdf/started primary BDF action solve for delta=16 | elapsed=0.91s cpu=0.91s rss=71.4MiB
[2026-08-26T23:29:58.881856+00:00] action-bdf/progress primary delta=16, radius=64: segment 1/8 | elapsed=0.92s cpu=0.91s rss=73.0MiB
[2026-08-26T23:29:58.884351+00:00] action-bdf/progress primary delta=16, radius=64: segment 2/8 | elapsed=0.92s cpu=0.92s rss=73.6MiB
[2026-08-26T23:29:58.887185+00:00] action-bdf/progress primary delta=16, radius=64: segment 3/8 | elapsed=0.92s cpu=0.92s rss=73.9MiB
[2026-08-26T23:29:58.890685+00:00] action-bdf/progress primary delta=16, radius=64: segment 4/8 | elapsed=0.93s cpu=0.92s rss=74.5MiB
[2026-08-26T23:29:58.896046+00:00] action-bdf/progress primary delta=16, radius=64: segment 5/8 | elapsed=0.93s cpu=0.93s rss=75.5MiB
[2026-08-26T23:29:58.903715+00:00] action-bdf/progress primary delta=16, radius=64: segment 6/8 | elapsed=0.94s cpu=0.94s rss=76.4MiB
[2026-08-26T23:29:58.909690+00:00] action-bdf/progress primary delta=16, radius=64: segment 7/8 | elapsed=0.95s cpu=0.94s rss=76.6MiB
[2026-08-26T23:29:58.914714+00:00] action-bdf/progress primary delta=16, radius=64: segment 8/8 | elapsed=0.95s cpu=0.95s rss=76.8MiB
[2026-08-26T23:29:58.914812+00:00] action-bdf/completed delta=16: Q=1.3262175393e+00 | elapsed=0.95s cpu=0.95s rss=76.8MiB
[2026-08-26T23:29:58.914865+00:00] action-bdf/started primary BDF action solve for delta=32 | elapsed=0.95s cpu=0.95s rss=76.8MiB
[2026-08-26T23:29:58.917365+00:00] action-bdf/progress primary delta=32, radius=64: segment 1/9 | elapsed=0.95s cpu=0.95s rss=76.8MiB
[2026-08-26T23:29:58.919748+00:00] action-bdf/progress primary delta=32, radius=64: segment 2/9 | elapsed=0.96s cpu=0.95s rss=76.9MiB
[2026-08-26T23:29:58.922818+00:00] action-bdf/progress primary delta=32, radius=64: segment 3/9 | elapsed=0.96s cpu=0.95s rss=77.3MiB
[2026-08-26T23:29:58.926366+00:00] action-bdf/progress primary delta=32, radius=64: segment 4/9 | elapsed=0.96s cpu=0.96s rss=77.7MiB
[2026-08-26T23:29:58.931495+00:00] action-bdf/progress primary delta=32, radius=64: segment 5/9 | elapsed=0.97s cpu=0.96s rss=78.0MiB
[2026-08-26T23:29:58.939722+00:00] action-bdf/progress primary delta=32, radius=64: segment 6/9 | elapsed=0.98s cpu=0.97s rss=78.6MiB
[2026-08-26T23:29:58.951953+00:00] action-bdf/progress primary delta=32, radius=64: segment 7/9 | elapsed=0.99s cpu=0.98s rss=79.9MiB
[2026-08-26T23:29:58.961545+00:00] action-bdf/progress primary delta=32, radius=64: segment 8/9 | elapsed=1.00s cpu=0.99s rss=80.0MiB
[2026-08-26T23:29:58.969209+00:00] action-bdf/progress primary delta=32, radius=64: segment 9/9 | elapsed=1.00s cpu=1.00s rss=80.0MiB
[2026-08-26T23:29:58.969300+00:00] action-bdf/completed delta=32: Q=8.6120232223e-01 | elapsed=1.00s cpu=1.00s rss=80.0MiB
[2026-08-26T23:29:58.969342+00:00] action-bdf/started primary BDF action solve for delta=64 | elapsed=1.00s cpu=1.00s rss=80.0MiB
[2026-08-26T23:29:58.971969+00:00] action-bdf/progress primary delta=64, radius=64: segment 1/10 | elapsed=1.01s cpu=1.00s rss=80.0MiB
[2026-08-26T23:29:58.974494+00:00] action-bdf/progress primary delta=64, radius=64: segment 2/10 | elapsed=1.01s cpu=1.01s rss=80.0MiB
[2026-08-26T23:29:58.977358+00:00] action-bdf/progress primary delta=64, radius=64: segment 3/10 | elapsed=1.01s cpu=1.01s rss=80.0MiB
[2026-08-26T23:29:58.981073+00:00] action-bdf/progress primary delta=64, radius=64: segment 4/10 | elapsed=1.02s cpu=1.01s rss=80.1MiB
[2026-08-26T23:29:58.986829+00:00] action-bdf/progress primary delta=64, radius=64: segment 5/10 | elapsed=1.02s cpu=1.02s rss=80.3MiB
[2026-08-26T23:29:58.996068+00:00] action-bdf/progress primary delta=64, radius=64: segment 6/10 | elapsed=1.03s cpu=1.03s rss=80.7MiB
[2026-08-26T23:29:59.010908+00:00] action-bdf/progress primary delta=64, radius=64: segment 7/10 | elapsed=1.05s cpu=1.04s rss=81.1MiB
[2026-08-26T23:29:59.033666+00:00] action-bdf/progress primary delta=64, radius=64: segment 8/10 | elapsed=1.07s cpu=1.07s rss=83.6MiB
[2026-08-26T23:29:59.050100+00:00] action-bdf/progress primary delta=64, radius=64: segment 9/10 | elapsed=1.09s cpu=1.08s rss=83.8MiB
[2026-08-26T23:29:59.062074+00:00] action-bdf/progress primary delta=64, radius=64: segment 10/10 | elapsed=1.10s cpu=1.09s rss=84.0MiB
[2026-08-26T23:29:59.062187+00:00] action-bdf/completed delta=64: Q=5.2583746544e-01 | elapsed=1.10s cpu=1.09s rss=84.0MiB
[2026-08-26T23:29:59.062231+00:00] action-bdf/started primary BDF action solve for delta=128 | elapsed=1.10s cpu=1.09s rss=84.0MiB
[2026-08-26T23:29:59.064805+00:00] action-bdf/progress primary delta=128, radius=64: segment 1/11 | elapsed=1.10s cpu=1.10s rss=84.0MiB
[2026-08-26T23:29:59.067279+00:00] action-bdf/progress primary delta=128, radius=64: segment 2/11 | elapsed=1.10s cpu=1.10s rss=84.0MiB
[2026-08-26T23:29:59.070305+00:00] action-bdf/progress primary delta=128, radius=64: segment 3/11 | elapsed=1.11s cpu=1.10s rss=84.1MiB
[2026-08-26T23:29:59.074159+00:00] action-bdf/progress primary delta=128, radius=64: segment 4/11 | elapsed=1.11s cpu=1.11s rss=84.4MiB
[2026-08-26T23:29:59.079771+00:00] action-bdf/progress primary delta=128, radius=64: segment 5/11 | elapsed=1.12s cpu=1.11s rss=84.9MiB
[2026-08-26T23:29:59.088983+00:00] action-bdf/progress primary delta=128, radius=64: segment 6/11 | elapsed=1.12s cpu=1.12s rss=85.4MiB
[2026-08-26T23:29:59.104709+00:00] action-bdf/progress primary delta=128, radius=64: segment 7/11 | elapsed=1.14s cpu=1.14s rss=85.4MiB
[2026-08-26T23:29:59.130667+00:00] action-bdf/progress primary delta=128, radius=64: segment 8/11 | elapsed=1.17s cpu=1.16s rss=86.4MiB
[2026-08-26T23:29:59.171835+00:00] action-bdf/progress primary delta=128, radius=64: segment 9/11 | elapsed=1.21s cpu=1.20s rss=91.8MiB
[2026-08-26T23:29:59.199142+00:00] action-bdf/progress primary delta=128, radius=64: segment 10/11 | elapsed=1.23s cpu=1.23s rss=92.7MiB
[2026-08-26T23:29:59.217876+00:00] action-bdf/progress primary delta=128, radius=64: segment 11/11 | elapsed=1.25s cpu=1.25s rss=93.3MiB
[2026-08-26T23:29:59.218007+00:00] action-bdf/completed delta=128: Q=3.0799893944e-01 | elapsed=1.25s cpu=1.25s rss=93.3MiB
[2026-08-26T23:29:59.218054+00:00] action-truncation/started larger-radius action check for delta=128 | elapsed=1.25s cpu=1.25s rss=93.3MiB
[2026-08-26T23:29:59.220990+00:00] action-bdf/progress larger-radius-check delta=128, radius=88: segment 1/11 | elapsed=1.26s cpu=1.25s rss=94.1MiB
[2026-08-26T23:29:59.223665+00:00] action-bdf/progress larger-radius-check delta=128, radius=88: segment 2/11 | elapsed=1.26s cpu=1.26s rss=94.3MiB
[2026-08-26T23:29:59.226683+00:00] action-bdf/progress larger-radius-check delta=128, radius=88: segment 3/11 | elapsed=1.26s cpu=1.26s rss=94.4MiB
[2026-08-26T23:29:59.230657+00:00] action-bdf/progress larger-radius-check delta=128, radius=88: segment 4/11 | elapsed=1.27s cpu=1.26s rss=94.8MiB
[2026-08-26T23:29:59.236493+00:00] action-bdf/progress larger-radius-check delta=128, radius=88: segment 5/11 | elapsed=1.27s cpu=1.27s rss=95.6MiB
[2026-08-26T23:29:59.245909+00:00] action-bdf/progress larger-radius-check delta=128, radius=88: segment 6/11 | elapsed=1.28s cpu=1.28s rss=97.0MiB
[2026-08-26T23:29:59.261969+00:00] action-bdf/progress larger-radius-check delta=128, radius=88: segment 7/11 | elapsed=1.30s cpu=1.29s rss=99.5MiB
[2026-08-26T23:29:59.288802+00:00] action-bdf/progress larger-radius-check delta=128, radius=88: segment 8/11 | elapsed=1.32s cpu=1.32s rss=103.7MiB
[2026-08-26T23:29:59.331147+00:00] action-bdf/progress larger-radius-check delta=128, radius=88: segment 9/11 | elapsed=1.37s cpu=1.36s rss=109.6MiB
[2026-08-26T23:29:59.358963+00:00] action-bdf/progress larger-radius-check delta=128, radius=88: segment 10/11 | elapsed=1.39s cpu=1.39s rss=109.7MiB
[2026-08-26T23:29:59.377589+00:00] action-bdf/progress larger-radius-check delta=128, radius=88: segment 11/11 | elapsed=1.41s cpu=1.41s rss=109.9MiB
[2026-08-26T23:29:59.377720+00:00] action-truncation/completed relative action difference=1.020e-07 | elapsed=1.41s cpu=1.41s rss=109.9MiB
[2026-08-26T23:29:59.377762+00:00] action-tolerance/started tighter-tolerance action check for delta=128 | elapsed=1.41s cpu=1.41s rss=109.9MiB
[2026-08-26T23:29:59.380608+00:00] action-bdf/progress tighter-tolerance-check delta=128, radius=64: segment 1/11 | elapsed=1.42s cpu=1.41s rss=109.9MiB
[2026-08-26T23:29:59.383315+00:00] action-bdf/progress tighter-tolerance-check delta=128, radius=64: segment 2/11 | elapsed=1.42s cpu=1.42s rss=109.9MiB
[2026-08-26T23:29:59.386805+00:00] action-bdf/progress tighter-tolerance-check delta=128, radius=64: segment 3/11 | elapsed=1.42s cpu=1.42s rss=109.9MiB
[2026-08-26T23:29:59.391256+00:00] action-bdf/progress tighter-tolerance-check delta=128, radius=64: segment 4/11 | elapsed=1.43s cpu=1.42s rss=109.9MiB
[2026-08-26T23:29:59.398081+00:00] action-bdf/progress tighter-tolerance-check delta=128, radius=64: segment 5/11 | elapsed=1.43s cpu=1.43s rss=109.9MiB
[2026-08-26T23:29:59.409469+00:00] action-bdf/progress tighter-tolerance-check delta=128, radius=64: segment 6/11 | elapsed=1.45s cpu=1.44s rss=109.9MiB
[2026-08-26T23:29:59.429321+00:00] action-bdf/progress tighter-tolerance-check delta=128, radius=64: segment 7/11 | elapsed=1.46s cpu=1.46s rss=110.0MiB
[2026-08-26T23:29:59.462555+00:00] action-bdf/progress tighter-tolerance-check delta=128, radius=64: segment 8/11 | elapsed=1.50s cpu=1.49s rss=110.0MiB
[2026-08-26T23:29:59.516388+00:00] action-bdf/progress tighter-tolerance-check delta=128, radius=64: segment 9/11 | elapsed=1.55s cpu=1.55s rss=113.7MiB
[2026-08-26T23:29:59.552464+00:00] action-bdf/progress tighter-tolerance-check delta=128, radius=64: segment 10/11 | elapsed=1.59s cpu=1.58s rss=113.8MiB
[2026-08-26T23:29:59.576536+00:00] action-bdf/progress tighter-tolerance-check delta=128, radius=64: segment 11/11 | elapsed=1.61s cpu=1.61s rss=114.0MiB
[2026-08-26T23:29:59.576669+00:00] action-tolerance/completed relative action difference=4.813e-07 | elapsed=1.61s cpu=1.61s rss=114.0MiB
[2026-08-26T23:29:59.588345+00:00] audit/completed R0.72E independent audit passed in 1.62s | elapsed=1.62s cpu=1.62s rss=114.1MiB
