[2026-08-26T23:29:56.891Z] [start] +0.14s starting R0.72E-exact-producer-audit
[2026-08-26T23:29:56.892Z] [bessel-start] +0.14s computing 64 positive J1 roots
[2026-08-26T23:29:56.893Z] [bessel-complete] +0.14s computed roots and masses through R=64
[2026-08-26T23:29:56.893Z] [raw-ledger-start] +0.14s recomputing amplitudes, data, and enstrophy
[2026-08-26T23:29:56.893Z] [raw-ledger-complete] +0.14s raw physical ledger complete
[2026-08-26T23:29:56.893Z] [action-start] +0.14s running action grid [16, 32, 64, 128, 256, 512]
[2026-08-26T23:29:56.893Z] [action-coarse-start] +0.14s delta=16: coarse split-step run
[2026-08-26T23:29:56.896Z] [action-coarse-progress] +0.15s delta=16: 25%
[2026-08-26T23:29:56.898Z] [action-coarse-progress] +0.15s delta=16: 50%
[2026-08-26T23:29:56.900Z] [action-coarse-progress] +0.15s delta=16: 75%
[2026-08-26T23:29:56.903Z] [action-coarse-progress] +0.15s delta=16: 100%
[2026-08-26T23:29:56.903Z] [action-fine-start] +0.15s delta=16: fine split-step run
[2026-08-26T23:29:56.910Z] [action-fine-progress] +0.16s delta=16: 25%
[2026-08-26T23:29:56.915Z] [action-fine-progress] +0.17s delta=16: 50%
[2026-08-26T23:29:56.920Z] [action-fine-progress] +0.17s delta=16: 75%
[2026-08-26T23:29:56.925Z] [action-fine-progress] +0.18s delta=16: 100%
[2026-08-26T23:29:56.925Z] [action-delta-complete] +0.18s delta=16: Q=1.32960190e+00, fine/coarse rel=2.553e-05
[2026-08-26T23:29:56.925Z] [action-coarse-start] +0.18s delta=32: coarse split-step run
[2026-08-26T23:29:56.930Z] [action-coarse-progress] +0.18s delta=32: 25%
[2026-08-26T23:29:56.932Z] [action-coarse-progress] +0.18s delta=32: 50%
[2026-08-26T23:29:56.934Z] [action-coarse-progress] +0.18s delta=32: 75%
[2026-08-26T23:29:56.936Z] [action-coarse-progress] +0.19s delta=32: 100%
[2026-08-26T23:29:56.936Z] [action-fine-start] +0.19s delta=32: fine split-step run
[2026-08-26T23:29:56.949Z] [action-fine-progress] +0.20s delta=32: 25%
[2026-08-26T23:29:56.954Z] [action-fine-progress] +0.21s delta=32: 50%
[2026-08-26T23:29:56.959Z] [action-fine-progress] +0.21s delta=32: 75%
[2026-08-26T23:29:56.964Z] [action-fine-progress] +0.21s delta=32: 100%
[2026-08-26T23:29:56.964Z] [action-delta-complete] +0.21s delta=32: Q=8.61528950e-01, fine/coarse rel=1.694e-05
[2026-08-26T23:29:56.964Z] [action-coarse-start] +0.21s delta=64: coarse split-step run
[2026-08-26T23:29:56.975Z] [action-coarse-progress] +0.23s delta=64: 25%
[2026-08-26T23:29:56.982Z] [action-coarse-progress] +0.23s delta=64: 50%
[2026-08-26T23:29:56.984Z] [action-coarse-progress] +0.23s delta=64: 75%
[2026-08-26T23:29:56.985Z] [action-coarse-progress] +0.24s delta=64: 100%
[2026-08-26T23:29:56.986Z] [action-fine-start] +0.24s delta=64: fine split-step run
[2026-08-26T23:29:57.012Z] [action-fine-progress] +0.26s delta=64: 25%
[2026-08-26T23:29:57.018Z] [action-fine-progress] +0.27s delta=64: 50%
[2026-08-26T23:29:57.023Z] [action-fine-progress] +0.27s delta=64: 75%
[2026-08-26T23:29:57.028Z] [action-fine-progress] +0.28s delta=64: 100%
[2026-08-26T23:29:57.028Z] [action-delta-complete] +0.28s delta=64: Q=5.25847098e-01, fine/coarse rel=1.492e-05
[2026-08-26T23:29:57.028Z] [action-coarse-start] +0.28s delta=128: coarse split-step run
[2026-08-26T23:29:57.048Z] [action-coarse-progress] +0.30s delta=128: 25%
[2026-08-26T23:29:57.053Z] [action-coarse-progress] +0.30s delta=128: 50%
[2026-08-26T23:29:57.055Z] [action-coarse-progress] +0.31s delta=128: 75%
[2026-08-26T23:29:57.057Z] [action-coarse-progress] +0.31s delta=128: 100%
[2026-08-26T23:29:57.057Z] [action-fine-start] +0.31s delta=128: fine split-step run
[2026-08-26T23:29:57.111Z] [action-fine-progress] +0.36s delta=128: 25%
[2026-08-26T23:29:57.123Z] [action-fine-progress] +0.37s delta=128: 50%
[2026-08-26T23:29:57.128Z] [action-fine-progress] +0.38s delta=128: 75%
[2026-08-26T23:29:57.132Z] [action-fine-progress] +0.38s delta=128: 100%
[2026-08-26T23:29:57.133Z] [action-delta-complete] +0.38s delta=128: Q=3.07998682e-01, fine/coarse rel=8.790e-06
[2026-08-26T23:29:57.133Z] [action-coarse-start] +0.38s delta=256: coarse split-step run
[2026-08-26T23:29:57.176Z] [action-coarse-progress] +0.43s delta=256: 25%
[2026-08-26T23:29:57.186Z] [action-coarse-progress] +0.44s delta=256: 50%
[2026-08-26T23:29:57.189Z] [action-coarse-progress] +0.44s delta=256: 75%
[2026-08-26T23:29:57.191Z] [action-coarse-progress] +0.44s delta=256: 100%
[2026-08-26T23:29:57.191Z] [action-fine-start] +0.44s delta=256: fine split-step run
[2026-08-26T23:29:57.300Z] [action-fine-progress] +0.55s delta=256: 25%
[2026-08-26T23:29:57.324Z] [action-fine-progress] +0.57s delta=256: 50%
[2026-08-26T23:29:57.330Z] [action-fine-progress] +0.58s delta=256: 75%
[2026-08-26T23:29:57.335Z] [action-fine-progress] +0.59s delta=256: 100%
[2026-08-26T23:29:57.335Z] [action-delta-complete] +0.59s delta=256: Q=1.75286014e-01, fine/coarse rel=4.625e-06
[2026-08-26T23:29:57.335Z] [action-coarse-start] +0.59s delta=512: coarse split-step run
[2026-08-26T23:29:57.419Z] [action-coarse-progress] +0.67s delta=512: 25%
[2026-08-26T23:29:57.438Z] [action-coarse-progress] +0.69s delta=512: 50%
[2026-08-26T23:29:57.442Z] [action-coarse-progress] +0.69s delta=512: 75%
[2026-08-26T23:29:57.444Z] [action-coarse-progress] +0.69s delta=512: 100%
[2026-08-26T23:29:57.444Z] [action-fine-start] +0.69s delta=512: fine split-step run
[2026-08-26T23:29:57.654Z] [action-fine-progress] +0.91s delta=512: 25%
[2026-08-26T23:29:57.701Z] [action-fine-progress] +0.95s delta=512: 50%
[2026-08-26T23:29:57.712Z] [action-fine-progress] +0.96s delta=512: 75%
[2026-08-26T23:29:57.717Z] [action-fine-progress] +0.97s delta=512: 100%
[2026-08-26T23:29:57.717Z] [action-delta-complete] +0.97s delta=512: Q=9.77376129e-02, fine/coarse rel=2.324e-06
[2026-08-26T23:29:57.717Z] [action-complete] +0.97s all split-step action runs complete
[2026-08-26T23:29:57.738Z] [complete] +0.99s wrote research/certificates/r072e/result.json; status=passed
