[2026-08-26T19:03:25.805969+00:00] R0.72B independent audit started
[2026-08-26T19:03:25.829251+00:00] finite target-row audit complete: q/payment=0.0901184
[2026-08-26T19:03:25.834427+00:00] independent mixed-exposure quadrature complete
[2026-08-26T19:03:25.834920+00:00] equal-carrier scaling complete: fitted power -3.33005941
[2026-08-26T19:03:25.836483+00:00] independent Bessel comparison ledger complete
Traceback (most recent call last):
  File "/Users/kasifa/Documents/Math/navier-stokes-r072b/research/r072b_independent_audit.py", line 640, in <module>
    main()
  File "/Users/kasifa/Documents/Math/navier-stokes-r072b/research/r072b_independent_audit.py", line 617, in main
    raise AssertionError(f"independent checks failed: {failed}")
AssertionError: independent checks failed: ['coherent prefactor tail power']
[2026-08-26T19:04:05.272740+00:00] R0.72B independent audit started
[2026-08-26T19:04:05.295256+00:00] finite target-row audit complete: q/payment=0.0901184
[2026-08-26T19:04:05.300415+00:00] independent mixed-exposure quadrature complete
[2026-08-26T19:04:05.300600+00:00] equal-carrier scaling complete: fitted power -3.33330768
[2026-08-26T19:04:05.302296+00:00] independent Bessel comparison ledger complete
[2026-08-26T19:04:05.310688+00:00] R0.72B independent audit passed in 0.04s
[2026-08-26T19:14:24.765713+00:00] R0.72B independent audit started
[2026-08-26T19:14:24.792722+00:00] finite target-row audit complete: q/payment=0.0901184
[2026-08-26T19:14:24.798284+00:00] independent mixed-exposure quadrature complete
[2026-08-26T19:14:24.798608+00:00] carrier scaling complete: equal power -3.33330768; comparable power -3.33331015
[2026-08-26T19:14:24.800362+00:00] independent Bessel comparison ledger complete
[2026-08-26T19:14:24.813066+00:00] R0.72B independent audit passed in 0.05s
