[2026-08-26T19:03:25.512103+00:00] R0.72B producer audit started
[2026-08-26T19:03:25.512949+00:00] constant identities and q_rho payment complete
[2026-08-26T19:03:25.514269+00:00] phase and equal-carrier ledgers complete: fitted prefactor power -3.32680390
[2026-08-26T19:03:27.893246+00:00] mixed-exposure quadrature complete
[2026-08-26T19:03:27.901780+00:00] Bessel and enhanced-dissipation comparison ledger complete
Traceback (most recent call last):
  File "/Users/kasifa/Documents/Math/navier-stokes-r072b/research/r072b_exact_audit.py", line 584, in <module>
    main()
  File "/Users/kasifa/Documents/Math/navier-stokes-r072b/research/r072b_exact_audit.py", line 561, in main
    raise AssertionError(f"producer checks failed: {failed}")
AssertionError: producer checks failed: ['coherent normalized prefactor has M^-10/3 tail']
[2026-08-26T19:04:05.100731+00:00] R0.72B producer audit started
[2026-08-26T19:04:05.101541+00:00] constant identities and q_rho payment complete
[2026-08-26T19:04:05.103061+00:00] phase and equal-carrier ledgers complete: fitted prefactor power -3.33330768
[2026-08-26T19:04:07.455870+00:00] mixed-exposure quadrature complete
[2026-08-26T19:04:07.465492+00:00] Bessel and enhanced-dissipation comparison ledger complete
[2026-08-26T19:04:07.474974+00:00] R0.72B producer audit passed in 2.37s
[2026-08-26T19:14:24.459136+00:00] R0.72B producer audit started
[2026-08-26T19:14:24.460535+00:00] constant identities and q_rho payment complete
[2026-08-26T19:14:24.462833+00:00] phase and equal-carrier ledgers complete: fitted prefactor power -3.33330768; comparable -3.33331070
[2026-08-26T19:14:26.893067+00:00] mixed-exposure quadrature complete
[2026-08-26T19:14:26.901953+00:00] Bessel and enhanced-dissipation comparison ledger complete
[2026-08-26T19:14:26.912394+00:00] R0.72B producer audit passed in 2.45s
