monitor: started pid=45560, interval=0.1s, output=tmp/r068b2c-formal/resources.csv
[R0.68B-2c defect pilot +    0.00s] constructing exact carry data
[R0.68B-2c defect pilot +    0.29s] lifting dominant moments
[R0.68B-2b heat jet pilot +    0.29s] moment lift degree=0 channels=1 terms=0 residual=0.000e+00
[R0.68B-2b heat jet pilot +    0.32s] moment lift degree=1 channels=7 terms=15 residual=4.207e-16
[R0.68B-2b heat jet pilot +    0.36s] moment lift degree=2 channels=28 terms=8 residual=2.572e-16
[R0.68B-2b heat jet pilot +    0.43s] moment lift degree=3 channels=84 terms=6 residual=1.763e-16
[R0.68B-2b heat jet pilot +    0.57s] moment lift degree=4 channels=210 terms=5 residual=3.130e-16
[R0.68B-2b heat jet pilot +    0.86s] moment lift degree=5 channels=462 terms=4 residual=2.398e-16
[R0.68B-2b heat jet pilot +    1.49s] moment lift degree=6 channels=924 terms=4 residual=1.347e-16
[R0.68B-2b heat jet pilot +    2.70s] moment lift degree=7 channels=1716 terms=3 residual=1.489e-16
[R0.68B-2b heat jet pilot +    5.24s] moment lift degree=8 channels=3003 terms=3 residual=1.625e-16
[R0.68B-2b heat jet pilot +   10.19s] moment lift degree=9 channels=5005 terms=3 residual=1.757e-16
[R0.68B-2b heat jet pilot +   19.67s] moment lift degree=10 channels=8008 terms=3 residual=1.888e-16
[R0.68B-2c defect pilot +   20.52s] evaluating heat jet and next derivative
[R0.68B-2c defect pilot +   51.81s] aggregating shift signatures
[R0.68B-2c defect pilot +   54.15s] signature compression groups=8/64 classes=5605 partial=3.82764746606
[R0.68B-2c defect pilot +   56.48s] signature compression groups=16/64 classes=10863 partial=6.69659238895
[R0.68B-2c defect pilot +   58.79s] signature compression groups=24/64 classes=16534 partial=10.9075679544
[R0.68B-2c defect pilot +   61.13s] signature compression groups=32/64 classes=22163 partial=14.0875212566
[R0.68B-2c defect pilot +   63.45s] signature compression groups=40/64 classes=27834 partial=18.298496822
[R0.68B-2c defect pilot +   65.77s] signature compression groups=48/64 classes=33463 partial=21.4784501242
[R0.68B-2c defect pilot +   68.09s] signature compression groups=56/64 classes=38874 partial=25.953263292
[R0.68B-2c defect pilot +   70.41s] signature compression groups=64/64 classes=44514 partial=30.2344865054
[R0.68B-2c defect pilot +   70.41s] bounding pure next derivatives
[R0.68B-2c defect pilot +   71.16s] pure derivative majorants shuffle=1/35 maximum=3.011719641120e-07
[R0.68B-2c defect pilot +   71.91s] pure derivative majorants shuffle=2/35 maximum=1.769694695843e-07
[R0.68B-2c defect pilot +   72.67s] pure derivative majorants shuffle=3/35 maximum=1.084414153355e-07
[R0.68B-2c defect pilot +   73.03s] pure derivative majorants shuffle=4/35 maximum=4.847777553596e-08
[R0.68B-2c defect pilot +   73.78s] pure derivative majorants shuffle=5/35 maximum=1.186751033278e-07
[R0.68B-2c defect pilot +   74.54s] pure derivative majorants shuffle=6/35 maximum=6.982227283591e-08
[R0.68B-2c defect pilot +   74.90s] pure derivative majorants shuffle=7/35 maximum=4.847777553596e-08
[R0.68B-2c defect pilot +   75.65s] pure derivative majorants shuffle=8/35 maximum=6.832256052738e-08
[R0.68B-2c defect pilot +   76.01s] pure derivative majorants shuffle=9/35 maximum=4.847777553596e-08
[R0.68B-2c defect pilot +   76.25s] pure derivative majorants shuffle=10/35 maximum=5.441624547794e-08
[R0.68B-2c defect pilot +   77.00s] pure derivative majorants shuffle=11/35 maximum=1.186751033278e-07
[R0.68B-2c defect pilot +   77.75s] pure derivative majorants shuffle=12/35 maximum=6.982227283591e-08
[R0.68B-2c defect pilot +   78.11s] pure derivative majorants shuffle=13/35 maximum=4.847777553596e-08
[R0.68B-2c defect pilot +   78.86s] pure derivative majorants shuffle=14/35 maximum=6.832256052738e-08
[R0.68B-2c defect pilot +   79.22s] pure derivative majorants shuffle=15/35 maximum=4.847777553596e-08
[R0.68B-2c defect pilot +   79.46s] pure derivative majorants shuffle=16/35 maximum=5.441624547794e-08
[R0.68B-2c defect pilot +   80.21s] pure derivative majorants shuffle=17/35 maximum=6.832256052738e-08
[R0.68B-2c defect pilot +   80.57s] pure derivative majorants shuffle=18/35 maximum=4.847777553596e-08
[R0.68B-2c defect pilot +   80.81s] pure derivative majorants shuffle=19/35 maximum=5.441624547794e-08
[R0.68B-2c defect pilot +   81.01s] pure derivative majorants shuffle=20/35 maximum=8.482608842364e-08
[R0.68B-2c defect pilot +   81.77s] pure derivative majorants shuffle=21/35 maximum=1.186751033278e-07
[R0.68B-2c defect pilot +   82.52s] pure derivative majorants shuffle=22/35 maximum=6.982227283591e-08
[R0.68B-2c defect pilot +   82.89s] pure derivative majorants shuffle=23/35 maximum=4.847777553596e-08
[R0.68B-2c defect pilot +   83.66s] pure derivative majorants shuffle=24/35 maximum=6.832256052738e-08
[R0.68B-2c defect pilot +   84.03s] pure derivative majorants shuffle=25/35 maximum=4.847777553596e-08
[R0.68B-2c defect pilot +   84.27s] pure derivative majorants shuffle=26/35 maximum=5.441624547794e-08
[R0.68B-2c defect pilot +   85.03s] pure derivative majorants shuffle=27/35 maximum=6.832256052738e-08
[R0.68B-2c defect pilot +   85.40s] pure derivative majorants shuffle=28/35 maximum=4.847777553596e-08
[R0.68B-2c defect pilot +   85.64s] pure derivative majorants shuffle=29/35 maximum=5.441624547794e-08
[R0.68B-2c defect pilot +   85.84s] pure derivative majorants shuffle=30/35 maximum=8.482608842364e-08
[R0.68B-2c defect pilot +   86.61s] pure derivative majorants shuffle=31/35 maximum=6.832256052738e-08
[R0.68B-2c defect pilot +   86.97s] pure derivative majorants shuffle=32/35 maximum=4.847777553596e-08
[R0.68B-2c defect pilot +   87.21s] pure derivative majorants shuffle=33/35 maximum=5.441624547794e-08
[R0.68B-2c defect pilot +   87.42s] pure derivative majorants shuffle=34/35 maximum=8.482608842364e-08
[R0.68B-2c defect pilot +   87.61s] pure derivative majorants shuffle=35/35 maximum=1.822447369770e-07
[R0.68B-2c defect pilot +   87.64s] complete defect=30.2344865054 required=3.178212411462e-06
monitor: finished returncode=0, elapsed=87.9s
