[R0.68B-2f quad] loading sparse bundle
[R0.68B-2f quad +0.04s] degree=0 channels=1 max_radius=3.17e-33
[R0.68B-2f quad +0.05s] degree=1 digit=1/4 max_radius=6.59e-31
[R0.68B-2f quad +0.06s] degree=1 digit=2/4 max_radius=8.81e-29
[R0.68B-2f quad +0.07s] degree=1 digit=3/4 max_radius=1.16e-26
[R0.68B-2f quad +0.09s] degree=1 digit=4/4 max_radius=1.44e-24
[R0.68B-2f quad +1.06s] degree=1 enclosed channels=7 neumann=28 max_radius=4.79e-28
[R0.68B-2f quad +1.09s] degree=2 digit=1/4 max_radius=6.13e-26
[R0.68B-2f quad +1.13s] degree=2 digit=2/4 max_radius=1.80e-23
[R0.68B-2f quad +1.17s] degree=2 digit=3/4 max_radius=3.10e-21
[R0.68B-2f quad +1.21s] degree=2 digit=4/4 max_radius=4.29e-19
[R0.68B-2f quad +2.19s] degree=2 enclosed channels=28 neumann=15 max_radius=2.81e-25
[R0.68B-2f quad +2.30s] degree=3 digit=1/4 max_radius=5.41e-23
[R0.68B-2f quad +2.42s] degree=3 digit=2/4 max_radius=1.52e-20
[R0.68B-2f quad +2.54s] degree=3 digit=3/4 max_radius=2.76e-18
[R0.68B-2f quad +2.64s] degree=3 digit=4/4 max_radius=3.85e-16
[R0.68B-2f quad +4.05s] degree=3 enclosed channels=84 neumann=10 max_radius=1.47e-23
[R0.68B-2f quad +4.33s] degree=4 digit=1/4 max_radius=3.86e-21
[R0.68B-2f quad +4.62s] degree=4 digit=2/4 max_radius=1.12e-18
[R0.68B-2f quad +4.92s] degree=4 digit=3/4 max_radius=2.18e-16
[R0.68B-2f quad +5.21s] degree=4 digit=4/4 max_radius=3.44e-14
[R0.68B-2f quad +7.48s] degree=4 enclosed channels=210 neumann=8 max_radius=8.16e-23
[R0.68B-2f quad +8.30s] degree=5 digit=1/4 max_radius=3.57e-20
[R0.68B-2f quad +9.13s] degree=5 digit=2/4 max_radius=1.36e-17
[R0.68B-2f quad +9.96s] degree=5 digit=3/4 max_radius=3.97e-15
[R0.68B-2f quad +10.83s] degree=5 digit=4/4 max_radius=1.04e-12
[R0.68B-2f quad +15.40s] degree=5 enclosed channels=462 neumann=7 max_radius=1.54e-22
[R0.68B-2f quad +17.54s] degree=6 digit=1/4 max_radius=1.57e-19
[R0.68B-2f quad +19.73s] degree=6 digit=2/4 max_radius=9.85e-17
[R0.68B-2f quad +21.92s] degree=6 digit=3/4 max_radius=5.21e-14
[R0.68B-2f quad +24.45s] degree=6 digit=4/4 max_radius=2.57e-11
[R0.68B-2f quad +30.67s] degree=6 enclosed channels=924 neumann=6 max_radius=2.38e-22
[R0.68B-2f quad +36.36s] degree=7 digit=1/4 max_radius=5.30e-19
[R0.68B-2f quad +41.74s] degree=7 digit=2/4 max_radius=6.08e-16
[R0.68B-2f quad +47.91s] degree=7 digit=3/4 max_radius=6.18e-13
[R0.68B-2f quad +53.25s] degree=7 digit=4/4 max_radius=5.90e-10
[R0.68B-2f quad +62.09s] degree=7 enclosed channels=1716 neumann=5 max_radius=3.41e-22
[R0.68B-2f quad +74.51s] degree=8 digit=1/4 max_radius=1.57e-18
[R0.68B-2f quad +87.40s] degree=8 digit=2/4 max_radius=3.48e-15
[R0.68B-2f quad +100.20s] degree=8 digit=3/4 max_radius=6.95e-12
[R0.68B-2f quad +113.29s] degree=8 digit=4/4 max_radius=1.29e-08
[R0.68B-2f quad +127.80s] degree=8 enclosed channels=3003 neumann=5 max_radius=4.67e-22
[R0.68B-2f quad +154.17s] degree=9 digit=1/4 max_radius=4.32e-18
[R0.68B-2f quad +181.81s] degree=9 digit=2/4 max_radius=1.90e-14
[R0.68B-2f quad +209.07s] degree=9 digit=3/4 max_radius=7.50e-11
[R0.68B-2f quad +236.38s] degree=9 digit=4/4 max_radius=2.73e-07
[R0.68B-2f quad +254.13s] degree=9 enclosed channels=5005 neumann=4 max_radius=6.16e-22
[R0.68B-2f quad +308.46s] degree=10 digit=1/4 max_radius=1.13e-17
[R0.68B-2f quad +363.74s] degree=10 digit=2/4 max_radius=9.99e-14
[R0.68B-2f quad +419.30s] degree=10 digit=3/4 max_radius=7.85e-10
[R0.68B-2f quad +474.93s] degree=10 digit=4/4 max_radius=5.60e-06
[R0.68B-2f quad +502.11s] degree=10 enclosed channels=8008 neumann=4 max_radius=7.91e-22
[R0.68B-2f quad +502.31s] centering moments
[R0.68B-2f quad +512.86s] complete centred_max_radius=1.89e-20
	Command being timed: "./engine . output-formal 10 2d4c9e1c4150034b8204cea32d19238ca3013190 e80e5224aba65c8493bd8b89d21b3413d96427caa7aa9db6d48ba3d0884cf3b1"
	User time (seconds): 9035.44
	System time (seconds): 9.13
	Percent of CPU this job got: 1763%
	Elapsed (wall clock) time (h:mm:ss or m:ss): 8:33.00
	Average shared text size (kbytes): 0
	Average unshared data size (kbytes): 0
	Average stack size (kbytes): 0
	Average total size (kbytes): 0
	Maximum resident set size (kbytes): 1960264
	Average resident set size (kbytes): 0
	Major (requiring I/O) page faults: 0
	Minor (reclaiming a frame) page faults: 1551984
	Voluntary context switches: 13984
	Involuntary context switches: 3175988
	Swaps: 0
	File system inputs: 0
	File system outputs: 1793800
	Socket messages sent: 0
	Socket messages received: 0
	Signals delivered: 0
	Page size (bytes): 4096
	Exit status: 0
