[R0.67C-2 dominant heat +    0.00s] constructing exact finite transfer
[R0.67C-2 dominant heat +    0.87s] moment lift degree=0 channels=1
[R0.67C-2 dominant heat +    0.88s] moment lift degree=1 channels=5
[R0.67C-2 dominant heat +    0.89s] moment lift degree=2 channels=15
[R0.67C-2 dominant heat +    0.93s] moment lift degree=3 channels=35
[R0.67C-2 dominant heat +    1.07s] moment lift degree=4 channels=70
[R0.67C-2 dominant heat +    1.52s] moment lift degree=5 channels=126
[R0.67C-2 dominant heat +    2.74s] moment lift degree=6 channels=210
[R0.67C-2 dominant heat +    3.98s] evaluating centred heat jet
[R0.67C-2 dominant heat +    4.14s] aggregating signed affine shifts
[R0.67C-2 dominant heat +    4.21s] signed-shift defect channel=1/210 observable=3.54240298919
[R0.67C-2 dominant heat +    5.79s] signed-shift defect channel=26/210 observable=4.84941781523
[R0.67C-2 dominant heat +    7.35s] signed-shift defect channel=51/210 observable=4.85957676613
[R0.67C-2 dominant heat +    8.92s] signed-shift defect channel=76/210 observable=4.86049946479
[R0.67C-2 dominant heat +   10.47s] signed-shift defect channel=101/210 observable=4.86052910346
[R0.67C-2 dominant heat +   12.02s] signed-shift defect channel=126/210 observable=4.86056136905
[R0.67C-2 dominant heat +   13.58s] signed-shift defect channel=151/210 observable=4.86056177971
[R0.67C-2 dominant heat +   15.13s] signed-shift defect channel=176/210 observable=4.86056247367
[R0.67C-2 dominant heat +   16.69s] signed-shift defect channel=201/210 observable=4.86056333292
[R0.67C-2 dominant heat +   17.26s] signed-shift defect channel=210/210 observable=4.86056342223
[R0.67C-2 dominant heat +  107.32s] analytic derivative majorant shuffle=1/10 maximum=7.336978869980e-06
[R0.67C-2 dominant heat +  196.53s] analytic derivative majorant shuffle=2/10 maximum=4.952622313369e-06
[R0.67C-2 dominant heat +  243.86s] analytic derivative majorant shuffle=3/10 maximum=4.013935590305e-06
[R0.67C-2 dominant heat +  333.40s] analytic derivative majorant shuffle=4/10 maximum=4.952622313369e-06
[R0.67C-2 dominant heat +  380.77s] analytic derivative majorant shuffle=5/10 maximum=4.013935590305e-06
[R0.67C-2 dominant heat +  410.49s] analytic derivative majorant shuffle=6/10 maximum=4.848902774980e-06
[R0.67C-2 dominant heat +  499.80s] analytic derivative majorant shuffle=7/10 maximum=4.952622313369e-06
[R0.67C-2 dominant heat +  546.79s] analytic derivative majorant shuffle=8/10 maximum=4.013935590305e-06
[R0.67C-2 dominant heat +  576.41s] analytic derivative majorant shuffle=9/10 maximum=4.848902774980e-06
[R0.67C-2 dominant heat +  598.79s] analytic derivative majorant shuffle=10/10 maximum=7.994256110943e-06
[R0.67C-2 dominant heat +  598.97s] complete lower=-1.715485437712e-06 upper=-2.025145622883e-07 checks=14
      599.02 real       580.20 user        18.23 sys
          4533977088  maximum resident set size
                   0  average shared memory size
                   0  average unshared data size
                   0  average unshared stack size
             1761679  page reclaims
                   2  page faults
                   0  swaps
                   0  block input operations
                   0  block output operations
                   0  messages sent
                   0  messages received
                   0  signals received
                 155  voluntary context switches
               66576  involuntary context switches
      15851502512565  instructions retired
       2589311020833  cycles elapsed
          4513025984  peak memory footprint
